
Verifying 157 URLs across 50 artists (concurrency=3, timeout=10s)…

[OK  ] armin-van-buuren       website     200  https://www.arminvanbuuren.com
[OK  ] armin-van-buuren       spotify     200  https://open.spotify.com/artist/0SfsnGyD8FpIN4U4WCkBZ5
[OK  ] armin-van-buuren       beatport    200  https://www.beatport.com/search?q=Armin+van+Buuren
[OK  ] tiesto                 spotify     200  https://open.spotify.com/artist/2o5jDhtHVPhrJdv3cEQ99Z
[OK  ] armin-van-buuren       soundcloud  200  https://soundcloud.com/arminvanbuuren
[OK  ] tiesto                 beatport    200  https://www.beatport.com/search?q=Tiesto
[OK  ] tiesto                 soundcloud  200  https://soundcloud.com/tiesto
[OK  ] paul-van-dyk           spotify     200  https://open.spotify.com/artist/1Bl6wpkWCQ4KVgnASpvzzA
[OK  ] paul-van-dyk           soundcloud  200  https://soundcloud.com/paulvandyk
[OK  ] tiesto                 website     200  https://www.tiesto.com
[OK  ] paul-van-dyk           beatport    200  https://www.beatport.com/search?q=Paul+van+Dyk
[OK  ] ferry-corsten          website     200  https://www.ferrycorsten.com
[OK  ] paul-van-dyk           website     200  https://www.paulvandyk.com
[OK  ] ferry-corsten          spotify     200  https://open.spotify.com/artist/3vdkr8DbTu5fS3FhRKRZIz
[OK  ] ferry-corsten          beatport    200  https://www.beatport.com/search?q=Ferry+Corsten
[OK  ] above-and-beyond       spotify     200  https://open.spotify.com/artist/3pp2tmmXEYePnNjGiNa1Bs
[OK  ] ferry-corsten          soundcloud  200  https://soundcloud.com/ferrycorsten
[OK  ] above-and-beyond       website     200  https://aboveandbeyond.nu
[OK  ] above-and-beyond       beatport    200  https://www.beatport.com/search?q=Above+%26+Beyond
[OK  ] bt                     spotify     200  https://open.spotify.com/artist/64MoFdq8ORI3V98AR5SPWL
[OK  ] bt                     beatport    200  https://www.beatport.com/search?q=BT
[OK  ] above-and-beyond       soundcloud  200  https://soundcloud.com/aboveandbeyond
[OK  ] robert-miles           spotify     200  https://open.spotify.com/artist/2YVF0Ou5zIc4mpgtLIlGN0
[OK  ] robert-miles           beatport    200  https://www.beatport.com/search?q=Robert+Miles
[OK  ] bt                     soundcloud  200  https://soundcloud.com/BT
[OK  ] atb                    soundcloud  200  https://soundcloud.com/atb-music
[OK  ] atb                    beatport    200  https://www.beatport.com/search?q=ATB
[OK  ] atb                    spotify     200  https://open.spotify.com/artist/7jZM5w05mGhw6wTB1okhD9
[OK  ] rank-1                 spotify     200  https://open.spotify.com/artist/1eQe86RbDKRIiGZk08r9YJ
[OK  ] rank-1                 beatport    200  https://www.beatport.com/search?q=Rank+1
[OK  ] push                   spotify     200  https://open.spotify.com/artist/2Xy6YLSsHR6TdBUFm5bnLR
[OK  ] rank-1                 soundcloud  200  https://soundcloud.com/rank1official
[OK  ] push                   beatport    200  https://www.beatport.com/search?q=Push
[OK  ] mauro-picotto          spotify     200  https://open.spotify.com/artist/0MNSDAOCHF7f2ZfAYxZ9bp
[OK  ] mauro-picotto          beatport    200  https://www.beatport.com/search?q=Mauro+Picotto
[OK  ] gigi-dagostino         spotify     200  https://open.spotify.com/artist/1OAjDaKgg00KCUYqDe68un
[OK  ] mauro-picotto          soundcloud  200  https://soundcloud.com/mauro_picotto
[OK  ] gigi-dagostino         beatport    200  https://www.beatport.com/search?q=Gigi+D%27Agostino
[OK  ] atb                    website     200  https://atb-music.com/
[OK  ] andrew-rayel           spotify     200  https://open.spotify.com/artist/4eUEmKLTiGS5DDfQEZWRyx
[OK  ] andrew-rayel           beatport    200  https://www.beatport.com/search?q=Andrew+Rayel
[OK  ] andrew-rayel           soundcloud  200  https://soundcloud.com/andrewrayel
[OK  ] aly-and-fila           spotify     200  https://open.spotify.com/artist/2lrG7BuNK1JCrxVgyXXMmw
[OK  ] andrew-rayel           website     200  https://andrewrayel.com
[OK  ] aly-and-fila           beatport    200  https://www.beatport.com/search?q=Aly+%26+Fila
[OK  ] aly-and-fila           soundcloud  200  https://soundcloud.com/alyandfila
[OK  ] gareth-emery           spotify     200  https://open.spotify.com/artist/3qwMPQ4kCcvlQRaXAxBC1Y
[OK  ] gareth-emery           website     200  https://garethemery.com
[OK  ] gareth-emery           beatport    200  https://www.beatport.com/search?q=Gareth+Emery
[OK  ] cosmic-gate            spotify     200  https://open.spotify.com/artist/3DG9Xu3SIYjCxxSMoFeNMv
[OK  ] aly-and-fila           website     200  https://www.alyandfila.com
[OK  ] gareth-emery           soundcloud  200  https://soundcloud.com/garethemery
[OK  ] cosmic-gate            beatport    200  https://www.beatport.com/search?q=Cosmic+Gate
[OK  ] markus-schulz          spotify     200  https://open.spotify.com/artist/3xqhDr4WgY3jLPzGbsj7Ly
[OK  ] cosmic-gate            soundcloud  200  https://soundcloud.com/cosmic-gate
[OK  ] markus-schulz          beatport    200  https://www.beatport.com/search?q=Markus+Schulz
[OK  ] markus-schulz          soundcloud  200  https://soundcloud.com/markusschulz
[OK  ] sasha                  soundcloud  200  https://soundcloud.com/sashaofficial
[OK  ] sasha                  spotify     200  https://open.spotify.com/artist/6u4jLGLPuarS3i2XWHVxoS
[OK  ] sasha                  beatport    200  https://www.beatport.com/search?q=Sasha
[OK  ] john-digweed           spotify     200  https://open.spotify.com/artist/3xnDktxhudJR2Wv3HZDQ9W
[OK  ] markus-schulz          website     200  https://markusschulz.com
[OK  ] john-digweed           beatport    200  https://www.beatport.com/search?q=John+Digweed
[OK  ] hernan-cattaneo        spotify     200  https://open.spotify.com/artist/4mpJaw5y17CIN08qqe8EfB
[OK  ] john-digweed           soundcloud  200  https://soundcloud.com/john-digweed
[OK  ] hernan-cattaneo        beatport    200  https://www.beatport.com/search?q=Hernan+Cattaneo
[OK  ] andrew-bayer           beatport    200  https://www.beatport.com/search?q=Andrew+Bayer
[OK  ] hernan-cattaneo        soundcloud  200  https://soundcloud.com/hernancattaneo
[OK  ] andrew-bayer           soundcloud  200  https://soundcloud.com/andrewbayer
[OK  ] genix                  soundcloud  200  https://soundcloud.com/genix-1
[OK  ] genix                  spotify     200  https://open.spotify.com/artist/5WWUkLXiAbmGwtELcfvB2w
[OK  ] genix                  beatport    200  https://www.beatport.com/search?q=Genix
[OK  ] ilan-bluestone         spotify     200  https://open.spotify.com/artist/1yoZuH2j43vVSWsOwYuQyn
[OK  ] ilan-bluestone         beatport    200  https://www.beatport.com/search?q=ilan+Bluestone
[OK  ] ilan-bluestone         soundcloud  200  https://soundcloud.com/ibluestone
[OK  ] yotto                  beatport    200  https://www.beatport.com/search?q=Yotto
[OK  ] genix                  website     200  https://genixmusic.com/
[OK  ] nick-warren            beatport    200  https://www.beatport.com/search?q=Nick+Warren
[OK  ] yotto                  soundcloud  200  https://soundcloud.com/yotto
[OK  ] nick-warren            soundcloud  200  https://soundcloud.com/djnickwarren
[OK  ] astrix                 spotify     200  https://open.spotify.com/artist/3ggJ7qYsM1Y0hqCiIqVAik
[OK  ] astrix                 beatport    200  https://www.beatport.com/search?q=Astrix
[OK  ] vini-vici              spotify     200  https://open.spotify.com/artist/2qxJFvFYMEDqd7ui6kSAcq
[OK  ] astrix                 soundcloud  200  https://soundcloud.com/astrix-official
[OK  ] vini-vici              beatport    200  https://www.beatport.com/search?q=Vini+Vici
[OK  ] astrix                 website     200  https://www.astrix.co.il
[OK  ] infected-mushroom      spotify     200  https://open.spotify.com/artist/0YcvWLm0XTjcjxbsJhXalh
[OK  ] infected-mushroom      website     200  https://infected-mushroom.com
[OK  ] vini-vici              soundcloud  200  https://soundcloud.com/vinivici
[OK  ] infected-mushroom      beatport    200  https://www.beatport.com/search?q=Infected+Mushroom
[OK  ] anyma                  spotify     200  https://open.spotify.com/artist/4Bp82MfgdHzE5SGX9MQrC1
[OK  ] infected-mushroom      soundcloud  200  https://soundcloud.com/infected-mushroom
[OK  ] anyma                  beatport    200  https://www.beatport.com/search?q=Anyma
[OK  ] anyma                  soundcloud  200  https://soundcloud.com/anymamusic
[OK  ] solarstone             spotify     200  https://open.spotify.com/artist/24Lr4WqYcphnQrcxPMPMZB
[OK  ] anyma                  website     200  https://anymamusic.com
[OK  ] solarstone             beatport    200  https://www.beatport.com/search?q=Solarstone
[OK  ] solarstone             soundcloud  200  https://soundcloud.com/solarstone
[OK  ] ace-ventura            soundcloud  200  https://soundcloud.com/schatsi
[OK  ] ace-ventura            beatport    200  https://www.beatport.com/search?q=Ace+Ventura
[OK  ] captain-hook           beatport    200  https://www.beatport.com/search?q=Captain+Hook
[OK  ] ace-ventura            website     200  https://www.aceventuramusic.com/
[OK  ] liquid-soul            spotify     200  https://open.spotify.com/artist/64nL3MP8zmuLqUq8DDaIKS
[OK  ] liquid-soul            beatport    200  https://www.beatport.com/search?q=Liquid+Soul
[OK  ] captain-hook           soundcloud  200  https://soundcloud.com/captain-hook
[OK  ] ranji                  spotify     200  https://open.spotify.com/artist/6Tu0luJL7EoFv1RsHZP30p
[OK  ] liquid-soul            soundcloud  200  https://soundcloud.com/liquid-soul
[OK  ] ranji                  beatport    200  https://www.beatport.com/search?q=Ranji
[OK  ] ranji                  soundcloud  200  https://soundcloud.com/ranji
[OK  ] astral-projection      website     200  https://www.astral-projection.com/
[OK  ] astral-projection      beatport    200  https://www.beatport.com/search?q=Astral+Projection
[OK  ] atmos                  spotify     200  https://open.spotify.com/artist/6pqvOCqzJlsUWlVjeHBw0v
[OK  ] astral-projection      soundcloud  200  https://soundcloud.com/astral-projection
[OK  ] atmos                  beatport    200  https://www.beatport.com/search?q=Atmos
[OK  ] atmos                  soundcloud  200  https://soundcloud.com/atmotech
[OK  ] symbolic               beatport    200  https://www.beatport.com/search?q=Symbolic
[OK  ] symbolic               spotify     200  https://open.spotify.com/artist/0oUwhzCzcC6VAaKSFG55U3
[OK  ] symbolic               soundcloud  200  https://soundcloud.com/symbolicmusic
[OK  ] dash-berlin            spotify     200  https://open.spotify.com/artist/3kPXNvRgXOOXRsaUGIstoa
[OK  ] dash-berlin            beatport    200  https://www.beatport.com/search?q=Dash+Berlin
[OK  ] bryan-kearney          spotify     200  https://open.spotify.com/artist/3WAd5UA5PrNhIzy7B7AGPP
[OK  ] dash-berlin            website     200  https://dashberlin.com
[OK  ] dash-berlin            soundcloud  200  https://soundcloud.com/dash-berlin
[OK  ] bryan-kearney          beatport    200  https://www.beatport.com/search?q=Bryan+Kearney
[OK  ] john-ocallaghan        spotify     200  https://open.spotify.com/artist/2RjBUVeIAyYhKGo7xN9hYL
[OK  ] john-ocallaghan        beatport    200  https://www.beatport.com/search?q=John+O%27Callaghan
[OK  ] bryan-kearney          soundcloud  200  https://soundcloud.com/bryan-kearney
[OK  ] sean-tyas              spotify     200  https://open.spotify.com/artist/3JFJk0Aks9ApDC1Q2QHUMV
[OK  ] sean-tyas              beatport    200  https://www.beatport.com/search?q=Sean+Tyas
[OK  ] john-ocallaghan        soundcloud  200  https://soundcloud.com/john-ocallaghan
[OK  ] simon-patterson        spotify     200  https://open.spotify.com/artist/2v9z0PbjaXXqj4iC7xRwzy
[OK  ] simon-patterson        beatport    200  https://www.beatport.com/search?q=Simon+Patterson
[OK  ] sean-tyas              soundcloud  200  https://soundcloud.com/seantyas
[OK  ] will-atkinson          spotify     200  https://open.spotify.com/artist/5FXLHhKgStv36wfwXMhTWt
[OK  ] will-atkinson          beatport    200  https://www.beatport.com/search?q=Will+Atkinson
[OK  ] simon-patterson        soundcloud  200  https://soundcloud.com/simon-patterson-1
[OK  ] activa                 spotify     200  https://open.spotify.com/artist/2B18AH9f6R9LcJWM03Szob
[OK  ] activa                 beatport    200  https://www.beatport.com/search?q=Activa
[OK  ] will-atkinson          soundcloud  200  https://soundcloud.com/willatkinson
[OK  ] activa                 soundcloud  200  https://soundcloud.com/activaofficial
[OK  ] giuseppe-ottaviani     beatport    200  https://www.beatport.com/search?q=Giuseppe+Ottaviani
[OK  ] giuseppe-ottaviani     soundcloud  200  https://soundcloud.com/giuseppeottaviani
[OK  ] ruben-de-ronde         beatport    200  https://www.beatport.com/search?q=Ruben+de+Ronde
[OK  ] ruben-de-ronde         soundcloud  200  https://soundcloud.com/rubenderonde
[OK  ] standerwick            spotify     200  https://open.spotify.com/artist/6mLXfZ1OfXde8Iy9BfKoHE
[OK  ] standerwick            beatport    200  https://www.beatport.com/search?q=Standerwick
[OK  ] standerwick            soundcloud  200  https://soundcloud.com/standerwick
[OK  ] ronski-speed           beatport    200  https://www.beatport.com/search?q=Ronski+Speed
[OK  ] ronski-speed           soundcloud  200  https://soundcloud.com/ronskispeed
[OK  ] bobina                 soundcloud  200  https://soundcloud.com/bobina
[OK  ] bobina                 spotify     200  https://open.spotify.com/artist/7H63wD8xWXAKdYVjZmE90B
[OK  ] bobina                 beatport    200  https://www.beatport.com/search?q=Bobina
[OK  ] ruben-de-ronde         website     200  https://rubenderonde.nl/
[OK  ] bobina                 website     200  https://bobina.pro/
[OK  ] roger-shah             beatport    200  https://www.beatport.com/search?q=Roger+Shah
[OK  ] roger-shah             spotify     200  https://open.spotify.com/artist/3dAnWbqTzCOK1jdiK2v3gI
[OK  ] roger-shah             soundcloud  200  https://soundcloud.com/rogershah

Summary: 157/157 OK, 0 failed.
